[2026-08-18 12:37:47] کتاب جدید اضافه شد: شاهنامه (شناسه: bk_6a8435fb0b1fa)
[2026-08-18 12:38:10] کتاب امانت داده شد: شاهنامه (شناسه: bk_6a8435fb0b1fa)
[2026-08-18 12:39:21] کتاب بازگردانده شد: شاهنامه (شناسه: bk_6a8435fb0b1fa)
[2026-08-18 12:46:56] کاربر جدید ثبت شد: محمدصدرا - نقش: member
[2026-08-19 11:31:48] کتاب امانت داده شد: شاهنامه (شناسه: 1)
[2026-08-19 11:35:14] کاربر جدید ثبت شد: محمد - نقش: admin
[2026-08-19 11:53:43] کتاب جدید اضافه شد: شاهنامه (شناسه: bk_6a857d2716026)
[2026-08-19 12:01:33] اطلاعات و وضعیت کتاب با شناسه bk_6a857d2716026 ویرایش شد.
[2026-08-19 12:04:19] کتاب جدید اضافه شد: گلستان (شناسه: bk_2)
[2026-08-19 12:04:50] کتاب با شناسه bk_2 توسط کاربر usr_6a84382017ce0 امانت گرفته شد.
[2026-08-19 12:04:52] کتاب بازگردانده شد: گلستان (شناسه: bk_2)
[2026-08-19 12:04:53] کتاب با شناسه bk_2 توسط کاربر usr_6a84382017ce0 امانت گرفته شد.
[2026-08-19 12:12:31] کتاب بازگردانده شد: گلستان (شناسه: bk_2)
[2026-08-19 12:19:18] اطلاعات و وضعیت کتاب با شناسه bk_1 ویرایش شد.
[2026-08-19 12:22:13] کتاب با شناسه bk_2 توسط کاربر usr_6a84382017ce0 امانت گرفته شد.
[2026-08-19 12:22:59] اطلاعات و وضعیت کتاب با شناسه bk_1 ویرایش شد.
[2026-08-19 12:23:10] کتاب با شناسه bk_1 حذف شد.
[2026-08-19 12:23:25] کتاب جدید اضافه شد: شاهنامه (شناسه: bk_1)
[2026-08-19 12:23:37] اطلاعات و وضعیت کتاب با شناسه bk_2 ویرایش شد.
[2026-08-20 10:35:50] کتاب با شناسه bk_1 توسط کاربر 09917842608 امانت گرفته شد.
[2026-08-20 10:35:52] کتاب بازگردانده شد: شاهنامه (شناسه: bk_1)
[2026-08-20 10:47:22] کتاب با شناسه bk_2 توسط کاربر 09917842608 امانت گرفته شد.
[2026-08-20 10:47:26] کتاب بازگردانده شد: گلستان (شناسه: bk_2)
[2026-08-20 12:56:31] کتاب با شناسه bk_1 توسط کاربر 09917842608 امانت گرفته شد.
[2026-08-20 12:57:14] اطلاعات و وضعیت کتاب با شناسه bk_2 ویرایش شد.
[2026-08-20 12:59:20] کتاب بازگردانده شد: شاهنامه (شناسه: bk_1)
[2026-08-20 12:59:21] کتاب با شناسه bk_1 توسط کاربر 09917842608 امانت گرفته شد.
[2026-08-20 12:59:22] کتاب بازگردانده شد: شاهنامه (شناسه: bk_1)
[2026-08-20 12:59:23] کتاب با شناسه bk_1 توسط کاربر 09917842608 امانت گرفته شد.
[2026-08-20 13:49:20] اطلاعات و وضعیت کتاب با شناسه bk_2 ویرایش شد.
[2026-08-20 13:50:49] اطلاعات و وضعیت کتاب با شناسه bk_2 ویرایش شد.
